#-----------------------------------------------------------
# Vivado v2019.2 (64-bit)
# SW Build 2708876 on Wed Nov  6 21:40:23 MST 2019
# IP Build 2700528 on Thu Nov  7 00:09:20 MST 2019
# Start of session at: Mon Mar  7 08:43:45 2022
# Process ID: 20160
# Current directory: C:/Users/Usuario/Documents/Noveno Semestre/Arquitectura de computadores/RVfpgaSoC-v1.0/RVfpgaSoC/Labs/LabProjects/Lab1.runs/BD_intcon_wrapper_bd_0_0_synth_1
# Command line: vivado.exe -log BD_intcon_wrapper_bd_0_0.vds -product Vivado -mode batch -messageDb vivado.pb -notrace -source BD_intcon_wrapper_bd_0_0.tcl
# Log file: C:/Users/Usuario/Documents/Noveno Semestre/Arquitectura de computadores/RVfpgaSoC-v1.0/RVfpgaSoC/Labs/LabProjects/Lab1.runs/BD_intcon_wrapper_bd_0_0_synth_1/BD_intcon_wrapper_bd_0_0.vds
# Journal file: C:/Users/Usuario/Documents/Noveno Semestre/Arquitectura de computadores/RVfpgaSoC-v1.0/RVfpgaSoC/Labs/LabProjects/Lab1.runs/BD_intcon_wrapper_bd_0_0_synth_1\vivado.jou
#-----------------------------------------------------------
source BD_intcon_wrapper_bd_0_0.tcl -notrace
